// Jest Snapshot v1, https://goo.gl/fbAQLP

exports[`.render() with markdown renders release changelog for the current release series 1`] = `
"#### BREAKING CHANGES

- shasha# a

#### Features

- shasha# b
- shasha# (breaking) a

#### Fixes

- shasha# b
- shasha# a

#### Improvements

- shasha# refactor: a
- shasha# perf: a

#### Chores

- shasha# b
- shasha# a

#### Unspecified Changes

- shasha# non conforming commit b
- shasha# non conforming commit a
"
`;

exports[`.render() with terminal renders changelog for the current release series 1`] = `
"BREAKING CHANGES

  shasha# a

Features

  shasha# b
  shasha# (breaking) a

Fixes

  shasha# b
  shasha# a

Improvements

  shasha# refactor: a
  shasha# perf: a

Chores

  shasha# b
  shasha# a

Unspecified Changes

  shasha# non conforming commit b
  shasha# non conforming commit a
"
`;
